[0.011s] Invoking command in '/home/jinhemu/ROS2/town_ws/build/village_interfaces': /usr/bin/cmake --build /home/jinhemu/ROS2/town_ws/build/village_interfaces -- -j12 -l12
[0.038s] -- Found ament_cmake: 1.3.5 (/opt/ros/humble/share/ament_cmake/cmake)
[0.156s] -- Found sensor_msgs: 4.2.3 (/opt/ros/humble/share/sensor_msgs/cmake)
[0.173s] -- Found rosidl_generator_c: 3.1.5 (/opt/ros/humble/share/rosidl_generator_c/cmake)
[0.175s] -- Found rosidl_adapter: 3.1.5 (/opt/ros/humble/share/rosidl_adapter/cmake)
[0.179s] -- Found rosidl_generator_cpp: 3.1.5 (/opt/ros/humble/share/rosidl_generator_cpp/cmake)
[0.188s] -- Using all available rosidl_typesupport_c: rosidl_typesupport_fastrtps_c;rosidl_typesupport_introspection_c
[0.199s] -- Using all available rosidl_typesupport_cpp: rosidl_typesupport_fastrtps_cpp;rosidl_typesupport_introspection_cpp
[0.360s] -- Found rosidl_default_generators: 1.2.0 (/opt/ros/humble/share/rosidl_default_generators/cmake)
[0.364s] -- Found ament_lint_auto: 0.12.7 (/opt/ros/humble/share/ament_lint_auto/cmake)
[0.403s] Error parsing '/home/jinhemu/ROS2/town_ws/src/village_interfaces/package.xml':
[0.437s] Traceback (most recent call last):
[0.438s]   File "/usr/lib/python3/dist-packages/catkin_pkg/package.py", line 610, in parse_package_string
[0.438s]     root = dom.parseString(data)
[0.438s]   File "/usr/lib/python3.10/xml/dom/minidom.py", line 2000, in parseString
[0.438s]     return expatbuilder.parseString(string)
[0.438s]   File "/usr/lib/python3.10/xml/dom/expatbuilder.py", line 925, in parseString
[0.438s]     return builder.parseString(string)
[0.438s]   File "/usr/lib/python3.10/xml/dom/expatbuilder.py", line 223, in parseString
[0.438s]     parser.Parse(string, True)
[0.438s] xml.parsers.expat.ExpatError: junk after document element: line 21, column 2
[0.438s] 
[0.438s] During handling of the above exception, another exception occurred:
[0.438s] 
[0.438s] Traceback (most recent call last):
[0.438s]   File "/opt/ros/humble/share/ament_cmake_core/cmake/core/package_xml_2_cmake.py", line 150, in <module>
[0.438s]     main()
[0.438s]   File "/opt/ros/humble/share/ament_cmake_core/cmake/core/package_xml_2_cmake.py", line 53, in main
[0.438s]     raise e
[0.438s]   File "/opt/ros/humble/share/ament_cmake_core/cmake/core/package_xml_2_cmake.py", line 49, in main
[0.438s]     package = parse_package_string(
[0.438s]   File "/usr/lib/python3/dist-packages/catkin_pkg/package.py", line 612, in parse_package_string
[0.438s]     raise InvalidPackage('The manifest contains invalid XML:\n%s' % ex, filename)
[0.438s] catkin_pkg.package.InvalidPackage: Error(s) in package '/home/jinhemu/ROS2/town_ws/src/village_interfaces/package.xml':
[0.438s] The manifest contains invalid XML:
[0.439s] junk after document element: line 21, column 2
[0.452s] [31mCMake Error at /opt/ros/humble/share/ament_cmake_core/cmake/core/ament_package_xml.cmake:95 (message):
[0.452s]   execute_process(/usr/bin/python3.10
[0.452s]   /opt/ros/humble/share/ament_cmake_core/cmake/core/package_xml_2_cmake.py
[0.452s]   /home/jinhemu/ROS2/town_ws/src/village_interfaces/package.xml
[0.452s]   /home/jinhemu/ROS2/town_ws/build/village_interfaces/ament_cmake_core/package.cmake)
[0.452s]   returned error code 1
[0.452s] Call Stack (most recent call first):
[0.452s]   /opt/ros/humble/share/ament_cmake_core/cmake/core/ament_package_xml.cmake:49 (_ament_package_xml)
[0.452s]   /opt/ros/humble/share/ament_lint_auto/cmake/ament_lint_auto_find_test_dependencies.cmake:31 (ament_package_xml)
[0.452s]   CMakeLists.txt:25 (ament_lint_auto_find_test_dependencies)
[0.452s] 
[0.452s] [0m
[0.452s] -- Configuring incomplete, errors occurred!
[0.452s] See also "/home/jinhemu/ROS2/town_ws/build/village_interfaces/CMakeFiles/CMakeOutput.log".
[0.455s] gmake: *** [Makefile:226ï¼šcmake_check_build_system] é”™è¯¯ 1
[0.457s] Invoked command in '/home/jinhemu/ROS2/town_ws/build/village_interfaces' returned '2': /usr/bin/cmake --build /home/jinhemu/ROS2/town_ws/build/village_interfaces -- -j12 -l12
