[0.010s] Invoking command in '/home/jinhemu/ROS2/town_ws/src/build/village_interfaces': /usr/bin/cmake /home/jinhemu/ROS2/town_ws/src/village_interfaces -DCMAKE_INSTALL_PREFIX=/home/jinhemu/ROS2/town_ws/src/install/village_interfaces
[0.020s] -- Found ament_cmake: 1.3.5 (/opt/ros/humble/share/ament_cmake/cmake)
[0.138s] -- Found sensor_msgs: 4.2.3 (/opt/ros/humble/share/sensor_msgs/cmake)
[0.154s] -- Found rosidl_generator_c: 3.1.5 (/opt/ros/humble/share/rosidl_generator_c/cmake)
[0.156s] -- Found rosidl_adapter: 3.1.5 (/opt/ros/humble/share/rosidl_adapter/cmake)
[0.160s] -- Found rosidl_generator_cpp: 3.1.5 (/opt/ros/humble/share/rosidl_generator_cpp/cmake)
[0.170s] -- Using all available rosidl_typesupport_c: rosidl_typesupport_fastrtps_c;rosidl_typesupport_introspection_c
[0.185s] -- Using all available rosidl_typesupport_cpp: rosidl_typesupport_fastrtps_cpp;rosidl_typesupport_introspection_cpp
[0.329s] -- Found rosidl_default_generators: 1.2.0 (/opt/ros/humble/share/rosidl_default_generators/cmake)
[0.334s] -- Found ament_lint_auto: 0.12.7 (/opt/ros/humble/share/ament_lint_auto/cmake)
[0.373s] Error parsing '/home/jinhemu/ROS2/town_ws/src/village_interfaces/package.xml':
[0.406s] Traceback (most recent call last):
[0.406s]   File "/usr/lib/python3/dist-packages/catkin_pkg/package.py", line 610, in parse_package_string
[0.406s]     root = dom.parseString(data)
[0.406s]   File "/usr/lib/python3.10/xml/dom/minidom.py", line 2000, in parseString
[0.406s]     return expatbuilder.parseString(string)
[0.407s]   File "/usr/lib/python3.10/xml/dom/expatbuilder.py", line 925, in parseString
[0.407s]     return builder.parseString(string)
[0.407s]   File "/usr/lib/python3.10/xml/dom/expatbuilder.py", line 223, in parseString
[0.407s]     parser.Parse(string, True)
[0.407s] xml.parsers.expat.ExpatError: junk after document element: line 21, column 2
[0.407s] 
[0.407s] During handling of the above exception, another exception occurred:
[0.407s] 
[0.407s] Traceback (most recent call last):
[0.407s]   File "/opt/ros/humble/share/ament_cmake_core/cmake/core/package_xml_2_cmake.py", line 150, in <module>
[0.407s]     main()
[0.407s]   File "/opt/ros/humble/share/ament_cmake_core/cmake/core/package_xml_2_cmake.py", line 53, in main
[0.408s]     raise e
[0.408s]   File "/opt/ros/humble/share/ament_cmake_core/cmake/core/package_xml_2_cmake.py", line 49, in main
[0.408s]     package = parse_package_string(
[0.408s]   File "/usr/lib/python3/dist-packages/catkin_pkg/package.py", line 612, in parse_package_string
[0.408s]     raise InvalidPackage('The manifest contains invalid XML:\n%s' % ex, filename)
[0.408s] catkin_pkg.package.InvalidPackage: Error(s) in package '/home/jinhemu/ROS2/town_ws/src/village_interfaces/package.xml':
[0.408s] The manifest contains invalid XML:
[0.408s] junk after document element: line 21, column 2
[0.423s] [31mCMake Error at /opt/ros/humble/share/ament_cmake_core/cmake/core/ament_package_xml.cmake:95 (message):
[0.423s]   execute_process(/usr/bin/python3.10
[0.423s]   /opt/ros/humble/share/ament_cmake_core/cmake/core/package_xml_2_cmake.py
[0.423s]   /home/jinhemu/ROS2/town_ws/src/village_interfaces/package.xml
[0.423s]   /home/jinhemu/ROS2/town_ws/src/build/village_interfaces/ament_cmake_core/package.cmake)
[0.423s]   returned error code 1
[0.423s] Call Stack (most recent call first):
[0.423s]   /opt/ros/humble/share/ament_cmake_core/cmake/core/ament_package_xml.cmake:49 (_ament_package_xml)
[0.423s]   /opt/ros/humble/share/ament_lint_auto/cmake/ament_lint_auto_find_test_dependencies.cmake:31 (ament_package_xml)
[0.423s]   CMakeLists.txt:25 (ament_lint_auto_find_test_dependencies)
[0.423s] 
[0.423s] [0m
[0.423s] -- Configuring incomplete, errors occurred!
[0.423s] See also "/home/jinhemu/ROS2/town_ws/src/build/village_interfaces/CMakeFiles/CMakeOutput.log".
[0.427s] Invoked command in '/home/jinhemu/ROS2/town_ws/src/build/village_interfaces' returned '1': /usr/bin/cmake /home/jinhemu/ROS2/town_ws/src/village_interfaces -DCMAKE_INSTALL_PREFIX=/home/jinhemu/ROS2/town_ws/src/install/village_interfaces
