[0.014s] Invoking command in '/home/jinhemu/ROS2/town_ws/src/build/village_interfaces': /usr/bin/cmake /home/jinhemu/ROS2/town_ws/src/village_interfaces -DCMAKE_INSTALL_PREFIX=/home/jinhemu/ROS2/town_ws/src/install/village_interfaces
[0.058s] -- The C compiler identification is GNU 11.4.0
[0.099s] -- The CXX compiler identification is GNU 11.4.0
[0.104s] -- Detecting C compiler ABI info
[0.155s] -- Detecting C compiler ABI info - done
[0.160s] -- Check for working C compiler: /usr/bin/cc - skipped
[0.160s] -- Detecting C compile features
[0.161s] -- Detecting C compile features - done
[0.163s] -- Detecting CXX compiler ABI info
[0.221s] -- Detecting CXX compiler ABI info - done
[0.226s] -- Check for working CXX compiler: /usr/bin/c++ - skipped
[0.227s] -- Detecting CXX compile features
[0.227s] -- Detecting CXX compile features - done
[0.229s] -- Found ament_cmake: 1.3.5 (/opt/ros/humble/share/ament_cmake/cmake)
[0.694s] -- Found Python3: /usr/bin/python3.10 (found version "3.10.12") found components: Interpreter 
[0.759s] -- Found sensor_msgs: 4.2.3 (/opt/ros/humble/share/sensor_msgs/cmake)
[0.782s] -- Found rosidl_generator_c: 3.1.5 (/opt/ros/humble/share/rosidl_generator_c/cmake)
[0.785s] -- Found rosidl_adapter: 3.1.5 (/opt/ros/humble/share/rosidl_adapter/cmake)
[0.792s] -- Found rosidl_generator_cpp: 3.1.5 (/opt/ros/humble/share/rosidl_generator_cpp/cmake)
[0.801s] -- Using all available rosidl_typesupport_c: rosidl_typesupport_fastrtps_c;rosidl_typesupport_introspection_c
[0.815s] -- Using all available rosidl_typesupport_cpp: rosidl_typesupport_fastrtps_cpp;rosidl_typesupport_introspection_cpp
[0.971s] -- Found rosidl_default_generators: 1.2.0 (/opt/ros/humble/share/rosidl_default_generators/cmake)
[0.977s] -- Found ament_lint_auto: 0.12.7 (/opt/ros/humble/share/ament_lint_auto/cmake)
[1.019s] Error parsing '/home/jinhemu/ROS2/town_ws/src/village_interfaces/package.xml':
[1.056s] Traceback (most recent call last):
[1.056s]   File "/usr/lib/python3/dist-packages/catkin_pkg/package.py", line 610, in parse_package_string
[1.057s]     root = dom.parseString(data)
[1.057s]   File "/usr/lib/python3.10/xml/dom/minidom.py", line 2000, in parseString
[1.057s]     return expatbuilder.parseString(string)
[1.057s]   File "/usr/lib/python3.10/xml/dom/expatbuilder.py", line 925, in parseString
[1.057s]     return builder.parseString(string)
[1.057s]   File "/usr/lib/python3.10/xml/dom/expatbuilder.py", line 223, in parseString
[1.057s]     parser.Parse(string, True)
[1.057s] xml.parsers.expat.ExpatError: junk after document element: line 21, column 2
[1.057s] 
[1.057s] During handling of the above exception, another exception occurred:
[1.057s] 
[1.057s] Traceback (most recent call last):
[1.057s]   File "/opt/ros/humble/share/ament_cmake_core/cmake/core/package_xml_2_cmake.py", line 150, in <module>
[1.057s]     main()
[1.057s]   File "/opt/ros/humble/share/ament_cmake_core/cmake/core/package_xml_2_cmake.py", line 53, in main
[1.057s]     raise e
[1.057s]   File "/opt/ros/humble/share/ament_cmake_core/cmake/core/package_xml_2_cmake.py", line 49, in main
[1.057s]     package = parse_package_string(
[1.057s]   File "/usr/lib/python3/dist-packages/catkin_pkg/package.py", line 612, in parse_package_string
[1.057s]     raise InvalidPackage('The manifest contains invalid XML:\n%s' % ex, filename)
[1.057s] catkin_pkg.package.InvalidPackage: Error(s) in package '/home/jinhemu/ROS2/town_ws/src/village_interfaces/package.xml':
[1.057s] The manifest contains invalid XML:
[1.057s] junk after document element: line 21, column 2
[1.071s] [31mCMake Error at /opt/ros/humble/share/ament_cmake_core/cmake/core/ament_package_xml.cmake:95 (message):
[1.071s]   execute_process(/usr/bin/python3.10
[1.071s]   /opt/ros/humble/share/ament_cmake_core/cmake/core/package_xml_2_cmake.py
[1.071s]   /home/jinhemu/ROS2/town_ws/src/village_interfaces/package.xml
[1.071s]   /home/jinhemu/ROS2/town_ws/src/build/village_interfaces/ament_cmake_core/package.cmake)
[1.071s]   returned error code 1
[1.071s] Call Stack (most recent call first):
[1.071s]   /opt/ros/humble/share/ament_cmake_core/cmake/core/ament_package_xml.cmake:49 (_ament_package_xml)
[1.071s]   /opt/ros/humble/share/ament_lint_auto/cmake/ament_lint_auto_find_test_dependencies.cmake:31 (ament_package_xml)
[1.071s]   CMakeLists.txt:25 (ament_lint_auto_find_test_dependencies)
[1.071s] 
[1.071s] [0m
[1.071s] -- Configuring incomplete, errors occurred!
[1.072s] See also "/home/jinhemu/ROS2/town_ws/src/build/village_interfaces/CMakeFiles/CMakeOutput.log".
[1.078s] Invoked command in '/home/jinhemu/ROS2/town_ws/src/build/village_interfaces' returned '1': /usr/bin/cmake /home/jinhemu/ROS2/town_ws/src/village_interfaces -DCMAKE_INSTALL_PREFIX=/home/jinhemu/ROS2/town_ws/src/install/village_interfaces
